2026-01-05 05:56:17 [info] : GET /api/vendor/vendor-data 401 63 - 2.232 ms
2026-01-05 05:56:17 [info] : POST /api/auth/refresh 200 330 - 8.561 ms
2026-01-05 05:56:17 [info] : GET /api/vendor/vendor-data 304 - - 38.925 ms
2026-01-05 05:56:48 [info] : GET /api/vendor/vendor-data 304 - - 6.092 ms
2026-01-05 05:58:35 [info] : GET /api/vendor/vendor-data 304 - - 18.095 ms
2026-01-05 06:01:06 [info] : GET /api/vendor/vendor-data 304 - - 22.234 ms
2026-01-05 06:08:46 [info] : GET /api/vendor/vendor-data 304 - - 84.925 ms
2026-01-05 09:17:11 [info] : GET /api/vendor/vendor-data 401 63 - 1.540 ms
2026-01-05 09:17:11 [info] : POST /api/auth/refresh 200 330 - 6.010 ms
2026-01-05 09:17:11 [info] : GET /api/vendor/vendor-data 304 - - 47.674 ms
2026-01-05 10:04:24 [info] : GET /api/vendor/vendor-data 401 63 - 32.353 ms
2026-01-05 10:04:24 [info] : POST /api/auth/refresh 200 330 - 14.127 ms
2026-01-05 10:04:24 [info] : GET /api/vendor/vendor-data 304 - - 65.505 ms
2026-01-05 10:53:56 [info] : GET /api/vendor/vendor-data 401 63 - 15.848 ms
2026-01-05 10:53:56 [info] : POST /api/auth/refresh 200 330 - 25.551 ms
2026-01-05 10:53:56 [info] : GET /api/vendor/vendor-data 304 - - 157.283 ms
2026-01-05 13:09:38 [info] : GET /api/vendor/vendor-data 401 63 - 13.305 ms
2026-01-05 13:09:38 [info] : POST /api/auth/refresh 200 330 - 35.669 ms
2026-01-05 13:09:38 [info] : GET /api/vendor/vendor-data 304 - - 231.441 ms
2026-01-05 13:09:40 [info] : GET /api/vendor/get-vendorproduct?page=1&limit=10 304 - - 445.838 ms
2026-01-05 13:10:17 [info] : GET /api/vendor/vendor-data 304 - - 77.055 ms
2026-01-05 13:10:17 [info] : GET /api/vendor/get-vendorproduct?page=1&limit=10 304 - - 83.632 ms
2026-01-05 14:37:39 [info] : GET /api/vendor/vendor-data 401 63 - 64.551 ms
2026-01-05 14:37:39 [info] : POST /api/auth/refresh 200 330 - 31.235 ms
2026-01-05 14:37:39 [info] : GET /api/vendor/vendor-data 304 - - 130.951 ms
2026-01-05 14:37:39 [info] : GET /api/vendor/get-vendorproduct?page=1&limit=10 304 - - 149.367 ms
2026-01-05 15:26:49 [info] : GET /api/vendor/vendor-data 401 63 - 4.770 ms
2026-01-05 15:26:49 [info] : GET /api/vendor/get-vendorproduct?page=1&limit=10 401 63 - 0.388 ms
2026-01-05 15:26:49 [info] : POST /api/auth/refresh 200 330 - 20.469 ms
2026-01-05 15:26:49 [info] : POST /api/auth/refresh 200 330 - 1.557 ms
2026-01-05 15:26:49 [info] : GET /api/vendor/vendor-data 304 - - 163.591 ms
2026-01-05 15:26:49 [info] : GET /api/vendor/get-vendorproduct?page=1&limit=10 304 - - 189.911 ms
2026-01-05 18:11:29 [info] : GET /api/vendor/vendor-data 401 63 - 20.066 ms
2026-01-05 18:11:29 [info] : POST /api/auth/refresh 200 330 - 20.487 ms
2026-01-05 18:11:30 [info] : GET /api/vendor/vendor-data 304 - - 85.876 ms
2026-01-05 18:11:30 [info] : GET /api/vendor/get-vendorproduct?page=1&limit=10 304 - - 99.186 ms
2026-01-05 19:09:13 [info] : GET /api/vendor/vendor-data 401 63 - 13.461 ms
2026-01-05 19:09:13 [info] : POST /api/auth/refresh 200 330 - 21.606 ms
2026-01-05 19:09:13 [info] : GET /api/vendor/get-vendorproduct?page=1&limit=10 401 63 - 0.593 ms
2026-01-05 19:09:13 [info] : POST /api/auth/refresh 200 330 - 0.330 ms
2026-01-05 19:09:13 [info] : GET /api/vendor/vendor-data 304 - - 98.763 ms
2026-01-05 19:09:13 [info] : GET /api/vendor/get-vendorproduct?page=1&limit=10 304 - - 103.024 ms
